// Jest Snapshot v1, https://goo.gl/fbAQLP

exports[`Check Mission page renders correctly 1`] = `
<div>
  <table
    className="table-container"
  >
    <thead>
      <tr>
        <th>
          Mission
        </th>
        <th>
          Description
        </th>
        <th>
          Status
        </th>
        <th>
          action
        </th>
      </tr>
    </thead>
    <tbody />
  </table>
</div>
`;
